// Jest Snapshot v1, https://goo.gl/fbAQLP

exports[`web-feature-shell schematic should run successfully 1`] = `
"import { CommonModule } from '@angular/common'
import { NgModule } from '@angular/core'
import { RouterModule, Routes } from '@angular/router'
import { IsAdminGuard, IsLoggedInGuard, TestAuthDataAccessModule } from '@nxpm/test/auth/data-access'
import { TestLayoutComponent } from '@nxpm/test/layout'

const routes: Routes = [
  {
    path: '',
    component: TestLayoutComponent,
    canActivate: [IsLoggedInGuard],
    children: [
      // Application routes here
      { path: '', pathMatch: 'full', redirectTo: 'dashboard' },
      {
        path: 'about',
        loadChildren: () => import('@nxpm/test/about/feature').then((m) => m.TestAboutFeatureModule),
      },
      {
        path: 'account',
        loadChildren: () => import('@nxpm/test/account/feature').then((m) => m.TestAccountFeatureModule),
      },
      {
        path: 'admin',
        canActivate: [IsAdminGuard],
        loadChildren: () => import('@nxpm/test/admin/feature').then((m) => m.TestAdminFeatureModule),
      },
      {
        path: 'dashboard',
        loadChildren: () => import('@nxpm/test/dashboard/feature').then((m) => m.TestDashboardFeatureModule),
      },
      { path: 'not-found', loadChildren: () => import('./not-found/not-found.module').then((m) => m.NotFoundModule) },
    ],
  },
  {
    path: '',
    loadChildren: () => import('@nxpm/test/auth/feature').then((m) => m.TestAuthFeatureModule),
  },
  { path: '**', redirectTo: '/not-found' },
]

@NgModule({
  imports: [
    CommonModule,
    RouterModule.forRoot(routes, { paramsInheritanceStrategy: 'always' }),
    TestAuthDataAccessModule,
  ],
})
export class TestShellFeatureModule {}
"
`;
