// Jest Snapshot v1, https://goo.gl/fbAQLP

exports[`mobile-feature-shell schematic should run successfully 1`] = `
"import { NgModule } from '@angular/core'
import { PreloadAllModules, RouteReuseStrategy, RouterModule, Routes } from '@angular/router'
import { SplashScreen } from '@ionic-native/splash-screen/ngx'
import { StatusBar } from '@ionic-native/status-bar/ngx'
import { IonicModule, IonicRouteStrategy } from '@ionic/angular'
import { TestAuthDataAccessModule, IsLoggedInGuard } from '@nxpm/test/auth/data-access'
import { TestCoreFeatureModule } from '@nxpm/test/core/feature'
import { TestLayoutFeatureComponent } from '@nxpm/test/layout/feature'

const routes: Routes = [
  {
    path: '',
    component: TestLayoutFeatureComponent,
    canActivate: [IsLoggedInGuard],
    children: [
      // Application routes here
      { path: '', pathMatch: 'full', redirectTo: 'dashboard' },
      {
        path: 'about',
        loadChildren: () => import('@nxpm/test/about/feature').then((m) => m.TestAboutFeatureModule),
      },
      {
        path: 'account',
        loadChildren: () => import('@nxpm/test/account/feature').then((m) => m.TestAccountFeatureModule),
      },
      {
        path: 'dashboard',
        loadChildren: () => import('@nxpm/test/dashboard/feature').then((m) => m.TestDashboardFeatureModule),
      },
      { path: 'not-found', loadChildren: () => import('./not-found/not-found.module').then((m) => m.NotFoundModule) },
    ],
  },
  {
    path: '',
    loadChildren: () => import('@nxpm/test/auth/feature').then((m) => m.TestAuthFeatureModule),
  },
  { path: '**', redirectTo: '/not-found' },
]

@NgModule({
  providers: [StatusBar, SplashScreen, { provide: RouteReuseStrategy, useClass: IonicRouteStrategy }],
  imports: [
    IonicModule.forRoot(),
    RouterModule.forRoot(routes, { paramsInheritanceStrategy: 'always', preloadingStrategy: PreloadAllModules }),
    TestAuthDataAccessModule,
    TestCoreFeatureModule,
  ],
})
export class TestShellFeatureModule {}
"
`;
