// Jest Snapshot v1, https://goo.gl/fbAQLP

exports[`web-feature-admin schematic should run successfully 1`] = `
"import { CommonModule } from '@angular/common'
import { NgModule } from '@angular/core'
import { RouterModule } from '@angular/router'
import { TestUiSidebarPageModule } from '@nxpm/test/ui/sidebar-page'
import { TestAdminFeatureComponent } from './test-admin-feature.component'

@NgModule({
  declarations: [TestAdminFeatureComponent],
  imports: [
    CommonModule,
    RouterModule.forChild([
      {
        path: '',
        component: TestAdminFeatureComponent,
        children: [
          { path: '', pathMatch: 'full', redirectTo: 'dashboard' },
          {
            path: 'dashboard',
            loadChildren: () => import('./admin-dashboard/admin-dashboard.module').then((m) => m.AdminDashboardModule),
          },
          {
            path: 'users',
            loadChildren: () => import('./admin-user/admin-user-feature.module').then((m) => m.AdminUserFeatureModule),
          },
        ],
      },
    ]),
    TestUiSidebarPageModule,
  ],
})
export class TestAdminFeatureModule {}
"
`;
