// Jest Snapshot v1, https://goo.gl/fbAQLP

exports[`mobile-feature-core schematic should run successfully 1`] = `
"import { HttpClientModule } from '@angular/common/http'
import { NgModule } from '@angular/core'
import { HotToastModule } from '@ngneat/hot-toast';
import { SvgIconsModule } from '@ngneat/svg-icon'

import { TestCoreFeatureGraphQLModule  } from './test-core-feature-graphql.module'

@NgModule({
  imports: [HttpClientModule, TestCoreFeatureGraphQLModule, HotToastModule.forRoot(), SvgIconsModule.forRoot()],
})
export class TestCoreFeatureModule {}
"
`;
