// Jest Snapshot v1, https://goo.gl/fbAQLP

exports[`add-docker-compose helper should run successfully 1`] = `
"version: \\"3\\"
services:
  postgres:
    image: postgres
    ports:
      - 5432:5432
    environment:
      POSTGRES_DB: prisma
      POSTGRES_USER: prisma
      POSTGRES_PASSWORD: prisma
    volumes:
      - ./tmp/postgres:/var/lib/postgresql/data
"
`;
