// Jest Snapshot v1, https://goo.gl/fbAQLP

exports[`mobile-feature-auth schematic should run successfully 1`] = `
"import { CommonModule } from '@angular/common'
import { NgModule } from '@angular/core'
import { RouterModule } from '@angular/router'

@NgModule({
  imports: [
    CommonModule,
    RouterModule.forChild([
      { path: 'login', loadChildren: () => import('./login/login.module').then((m) => m.LoginModule) },
      { path: 'logout', loadChildren: () => import('./logout/logout.module').then((m) => m.LogoutModule) },
      { path: 'register', loadChildren: () => import('./register/register.module').then((m) => m.RegisterModule) },
    ]),
  ],
})
export class TestAuthFeatureModule {}
"
`;
