// Jest Snapshot v1, https://goo.gl/fbAQLP

exports[`web-util-libs schematic should run successfully 1`] = `
"export * from './generated/graphql'
"
`;
