// Jest Snapshot v1, https://goo.gl/fbAQLP

exports[`web-feature-core schematic should run successfully 1`] = `
"import { HttpClientModule } from '@angular/common/http'
import { NgModule } from '@angular/core'
import { SvgIconsModule } from '@ngneat/svg-icon'

import { TestCoreFeatureGraphQLModule  } from './test-core-feature-graphql.module'

@NgModule({
  imports: [HttpClientModule, TestCoreFeatureGraphQLModule, SvgIconsModule.forRoot()],
})
export class TestCoreFeatureModule {}
"
`;
